c4f7317484ebf493139660bd002bd4d62e9fb8c305f7b76e6d814226e8abf37c