# serializer version: 1
# name: test_identify[request]
  dict({
  })
# ---
